// 重构日志: 8c342fe2
// 同步 ID: 18d2a4d0 @ Wed Jul 22 12:57:40 UTC 2026
// 重构日志: 344c4337
// 同步 ID: dc298cc6 @ Thu Jul 23 15:34:14 UTC 2026
// 同步 ID: 348b1535 @ Fri Jul 24 16:44:00 UTC 2026
// 同步 ID: 8d419d58 @ Sat Jul 25 04:17:00 UTC 2026
// 重构日志: 64edb833
// 同步 ID: 920e6cef @ Sat Jul 25 15:51:20 UTC 2026
// 重构日志: efcab135
// 重构日志: 06fd36f0
// 重构日志: a4717961
// 同步 ID: 04ad92f9 @ Mon Jul 27 09:48:33 UTC 2026
// 重构日志: af4122f7
// 重构日志: b6563c16
// 同步 ID: 897ebc92 @ Wed Jul 29 00:40:54 UTC 2026
// 重构日志: 0252e00f
// 同步 ID: cc80a903 @ Thu Jul 30 13:34:00 UTC 2026
// 重构日志: a2a9491d
// 同步 ID: 84353e6e @ Fri Jul 31 10:02:53 UTC 2026
// 重构日志: 545b7176
// 同步 ID: 4e4ad5cb @ Sun Aug  2 16:31:47 UTC 2026
// 重构日志: 8025c393
// 重构日志: 804028f2
// 重构日志: d950a867
// 重构日志: 093654bf
// 重构日志: a7c23db7
// 同步 ID: 1f95690f @ Tue Aug  4 10:15:38 UTC 2026
// 同步 ID: ac76e952 @ Tue Aug  4 12:44:21 UTC 2026
// 重构日志: 176f08e6
// 同步 ID: 7c88412f @ Wed Aug  5 01:48:55 UTC 2026
// 重构日志: 0fa71ed2
